{
    "-profile test": {
        "content": [
            {
                "RCLONE_CHECK": {
                    "rclone": "1.74.3-DEV"
                },
                "RCLONE_CHECKSUM": {
                    "rclone": "1.74.3-DEV"
                },
                "RCLONE_COPY": {
                    "rclone": "1.65.0-DEV"
                },
                "Workflow": {
                    "nf-core/datasync": "v1.0dev"
                }
            },
            [
                "multiqc",
                "multiqc/multiqc_data",
                "multiqc/multiqc_data/llms-full.txt",
                "multiqc/multiqc_data/multiqc.log",
                "multiqc/multiqc_data/multiqc.parquet",
                "multiqc/multiqc_data/multiqc_citations.txt",
                "multiqc/multiqc_data/multiqc_data.json",
                "multiqc/multiqc_data/multiqc_rclone_check.txt",
                "multiqc/multiqc_data/multiqc_rclone_checksum_md5.txt",
                "multiqc/multiqc_data/multiqc_samplesheet.txt",
                "multiqc/multiqc_data/multiqc_software_versions.txt",
                "multiqc/multiqc_data/multiqc_sources.txt",
                "multiqc/multiqc_report.html",
                "pipeline_info",
                "pipeline_info/nf_core_datasync_software_mqc_versions.yml",
                "rclone",
                "rclone/check",
                "rclone/check/Illumina_annotation",
                "rclone/check/Illumina_annotation/Illumina_annotation.combined.txt",
                "rclone/check/Illumina_annotation/Illumina_annotation.differ.txt",
                "rclone/check/Illumina_annotation/Illumina_annotation.error.txt",
                "rclone/check/Illumina_annotation/Illumina_annotation.match.txt",
                "rclone/check/Illumina_annotation/Illumina_annotation.missing_on_dst.txt",
                "rclone/check/Illumina_annotation/Illumina_annotation.missing_on_src.txt",
                "rclone/check/benchmark_bed",
                "rclone/check/benchmark_bed/benchmark_bed.combined.txt",
                "rclone/check/benchmark_bed/benchmark_bed.differ.txt",
                "rclone/check/benchmark_bed/benchmark_bed.error.txt",
                "rclone/check/benchmark_bed/benchmark_bed.match.txt",
                "rclone/check/benchmark_bed/benchmark_bed.missing_on_dst.txt",
                "rclone/check/benchmark_bed/benchmark_bed.missing_on_src.txt",
                "rclone/check/test_fastq",
                "rclone/check/test_fastq/test_fastq.combined.txt",
                "rclone/check/test_fastq/test_fastq.differ.txt",
                "rclone/check/test_fastq/test_fastq.error.txt",
                "rclone/check/test_fastq/test_fastq.match.txt",
                "rclone/check/test_fastq/test_fastq.missing_on_dst.txt",
                "rclone/check/test_fastq/test_fastq.missing_on_src.txt",
                "rclone/checksum",
                "rclone/checksum/Illumina_annotation",
                "rclone/checksum/Illumina_annotation/Illumina_annotation.combined.txt",
                "rclone/checksum/Illumina_annotation/Illumina_annotation.differ.txt",
                "rclone/checksum/Illumina_annotation/Illumina_annotation.error.txt",
                "rclone/checksum/Illumina_annotation/Illumina_annotation.match.txt",
                "rclone/checksum/Illumina_annotation/Illumina_annotation.missing_on_dst.txt",
                "rclone/checksum/Illumina_annotation/Illumina_annotation.missing_on_src.txt",
                "rclone/checksum/benchmark_bed",
                "rclone/checksum/benchmark_bed/benchmark_bed.combined.txt",
                "rclone/checksum/benchmark_bed/benchmark_bed.differ.txt",
                "rclone/checksum/benchmark_bed/benchmark_bed.error.txt",
                "rclone/checksum/benchmark_bed/benchmark_bed.match.txt",
                "rclone/checksum/benchmark_bed/benchmark_bed.missing_on_dst.txt",
                "rclone/checksum/benchmark_bed/benchmark_bed.missing_on_src.txt",
                "rclone/checksum/test_fastq",
                "rclone/checksum/test_fastq/test_fastq.combined.txt",
                "rclone/checksum/test_fastq/test_fastq.differ.txt",
                "rclone/checksum/test_fastq/test_fastq.error.txt",
                "rclone/checksum/test_fastq/test_fastq.match.txt",
                "rclone/checksum/test_fastq/test_fastq.missing_on_dst.txt",
                "rclone/checksum/test_fastq/test_fastq.missing_on_src.txt",
                "rclone/copy",
                "rclone/copy/Illumina_annotation-rclone-copy.log",
                "rclone/copy/benchmark_bed-rclone-copy.log",
                "rclone/copy/test_fastq-rclone-copy.log"
            ],
            [
                "multiqc_citations.txt:md5,4c806e63a283ec1b7e78cdae3a923d4f",
                "multiqc_rclone_check.txt:md5,14b1ff73415db0533e1467cdf3dfccf8",
                "multiqc_rclone_checksum_md5.txt:md5,14b1ff73415db0533e1467cdf3dfccf8",
                "multiqc_samplesheet.txt:md5,608c07d7a768f3d66b44f8daddcec95e"
            ]
        ],
        "timestamp": "2026-07-17T19:26:17.292861031",
        "meta": {
            "nf-test": "0.9.5",
            "nextflow": "26.04.6"
        }
    }
}