{
    "-profile test": {
        "content": [
            {
                "RCLONE_CHECK": {
                    "rclone": "1.74.3-DEV"
                },
                "RCLONE_CHECKSUM": {
                    "rclone": "1.74.3-DEV"
                },
                "RCLONE_COPY": {
                    "rclone": "1.65.0-DEV"
                },
                "Workflow": {
                    "nf-core/datasync": "v1.0dev"
                }
            },
            [
                "multiqc",
                "multiqc/multiqc_data",
                "multiqc/multiqc_data/llms-full.txt",
                "multiqc/multiqc_data/multiqc.log",
                "multiqc/multiqc_data/multiqc.parquet",
                "multiqc/multiqc_data/multiqc_citations.txt",
                "multiqc/multiqc_data/multiqc_data.json",
                "multiqc/multiqc_data/multiqc_rclone_check.txt",
                "multiqc/multiqc_data/multiqc_rclone_checksum_md5.txt",
                "multiqc/multiqc_data/multiqc_samplesheet.txt",
                "multiqc/multiqc_data/multiqc_software_versions.txt",
                "multiqc/multiqc_data/multiqc_sources.txt",
                "multiqc/multiqc_report.html",
                "pipeline_info",
                "pipeline_info/nf_core_datasync_software_mqc_versions.yml",
                "rclone",
                "rclone/Illumina_annotation.combined.txt",
                "rclone/Illumina_annotation.differ.txt",
                "rclone/Illumina_annotation.error.txt",
                "rclone/Illumina_annotation.match.txt",
                "rclone/Illumina_annotation.missing_on_dst.txt",
                "rclone/Illumina_annotation.missing_on_src.txt",
                "rclone/benchmark_bed.combined.txt",
                "rclone/benchmark_bed.differ.txt",
                "rclone/benchmark_bed.error.txt",
                "rclone/benchmark_bed.match.txt",
                "rclone/benchmark_bed.missing_on_dst.txt",
                "rclone/benchmark_bed.missing_on_src.txt",
                "rclone/rclone-copy.log",
                "rclone/test_fastq.combined.txt",
                "rclone/test_fastq.differ.txt",
                "rclone/test_fastq.error.txt",
                "rclone/test_fastq.match.txt",
                "rclone/test_fastq.missing_on_dst.txt",
                "rclone/test_fastq.missing_on_src.txt"
            ],
            [
                "multiqc_citations.txt:md5,4c806e63a283ec1b7e78cdae3a923d4f",
                "multiqc_rclone_check.txt:md5,b6ea8bb50b08e6a31b02de80f15cba83",
                "multiqc_rclone_checksum_md5.txt:md5,b6ea8bb50b08e6a31b02de80f15cba83",
                "multiqc_samplesheet.txt:md5,608c07d7a768f3d66b44f8daddcec95e"
            ]
        ],
        "timestamp": "2026-07-15T03:46:47.848763259",
        "meta": {
            "nf-test": "0.9.5",
            "nextflow": "26.04.1"
        }
    }
}