{
    "-profile test_full": {
        "content": [
            {
                "RCLONE_CHECK": {
                    "rclone": "1.74.3-DEV"
                },
                "RCLONE_CHECKSUM": {
                    "rclone": "1.74.3-DEV"
                },
                "RCLONE_COPY": {
                    "rclone": "1.65.0-DEV"
                },
                "Workflow": {
                    "nf-core/datasync": "v1.0dev"
                }
            },
            [
                "multiqc",
                "multiqc/multiqc_data",
                "multiqc/multiqc_data/llms-full.txt",
                "multiqc/multiqc_data/multiqc.log",
                "multiqc/multiqc_data/multiqc.parquet",
                "multiqc/multiqc_data/multiqc_citations.txt",
                "multiqc/multiqc_data/multiqc_data.json",
                "multiqc/multiqc_data/multiqc_rclone_check.txt",
                "multiqc/multiqc_data/multiqc_rclone_checksum_md5.txt",
                "multiqc/multiqc_data/multiqc_samplesheet.txt",
                "multiqc/multiqc_data/multiqc_software_versions.txt",
                "multiqc/multiqc_data/multiqc_sources.txt",
                "multiqc/multiqc_report.html",
                "pipeline_info",
                "pipeline_info/nf_core_datasync_software_mqc_versions.yml",
                "rclone",
                "rclone/check",
                "rclone/check/demultiplex",
                "rclone/check/demultiplex/demultiplex.combined.txt",
                "rclone/check/demultiplex/demultiplex.match.txt",
                "rclone/checksum",
                "rclone/checksum/demultiplex",
                "rclone/checksum/demultiplex/demultiplex.combined.txt",
                "rclone/checksum/demultiplex/demultiplex.exit_code.txt",
                "rclone/checksum/demultiplex/demultiplex.match.txt",
                "rclone/copy",
                "rclone/copy/demultiplex-rclone-copy.log"
            ],
            [
                "multiqc_citations.txt:md5,4c806e63a283ec1b7e78cdae3a923d4f",
                "multiqc_rclone_check.txt:md5,03a73f087a286ec6580aada2a5db2e7c",
                "multiqc_rclone_checksum_md5.txt:md5,d7c7dd71a9ff75955dd0e508d1ad9968",
                "multiqc_samplesheet.txt:md5,00788a52d1a014c12ac4ed554b0b44ca"
            ]
        ],
        "timestamp": "2026-07-22T22:01:43.699965019",
        "meta": {
            "nf-test": "0.9.5",
            "nextflow": "26.04.1"
        }
    }
}