{
    "-profile test_full": {
        "content": [
            {
                "RCLONE_CHECK": {
                    "rclone": "1.74.3-DEV"
                },
                "RCLONE_CHECKSUM": {
                    "rclone": "1.74.3-DEV"
                },
                "RCLONE_COPY": {
                    "rclone": "1.74.3-DEV"
                },
                "Workflow": {
                    "nf-core/datasync": "v1.0.0"
                }
            },
            [
                "multiqc",
                "multiqc/multiqc_data",
                "multiqc/multiqc_data/llms-full.txt",
                "multiqc/multiqc_data/multiqc.log",
                "multiqc/multiqc_data/multiqc.parquet",
                "multiqc/multiqc_data/multiqc_citations.txt",
                "multiqc/multiqc_data/multiqc_data.json",
                "multiqc/multiqc_data/multiqc_rclone_check.txt",
                "multiqc/multiqc_data/multiqc_rclone_checksum_md5.txt",
                "multiqc/multiqc_data/multiqc_rclone_checksum_sha.txt",
                "multiqc/multiqc_data/multiqc_rclone_exit_codes.txt",
                "multiqc/multiqc_data/multiqc_samplesheet.txt",
                "multiqc/multiqc_data/multiqc_software_versions.txt",
                "multiqc/multiqc_data/multiqc_sources.txt",
                "multiqc/multiqc_report.html",
                "pipeline_info",
                "pipeline_info/nf_core_datasync_software_mqc_versions.yml",
                "rclone",
                "rclone/check",
                "rclone/check/demultiplex",
                "rclone/check/demultiplex/demultiplex_check.combined.txt",
                "rclone/check/demultiplex/demultiplex_check.exit_code.txt",
                "rclone/check/demultiplex/demultiplex_check.match.txt",
                "rclone/checksum",
                "rclone/checksum/demultiplex",
                "rclone/checksum/demultiplex/demultiplex_checksum_MD5.combined.txt",
                "rclone/checksum/demultiplex/demultiplex_checksum_MD5.exit_code.txt",
                "rclone/checksum/demultiplex/demultiplex_checksum_MD5.match.txt",
                "rclone/checksum/demultiplex/demultiplex_checksum_MD5.missing_on_src.txt",
                "rclone/checksum/demultiplex/demultiplex_checksum_SHA256.combined.txt",
                "rclone/checksum/demultiplex/demultiplex_checksum_SHA256.exit_code.txt",
                "rclone/checksum/demultiplex/demultiplex_checksum_SHA256.match.txt",
                "rclone/copy",
                "rclone/copy/demultiplex-rclone-copy.log"
            ],
            [
                "multiqc_citations.txt:md5,4c806e63a283ec1b7e78cdae3a923d4f",
                "multiqc_rclone_check.txt:md5,03a73f087a286ec6580aada2a5db2e7c",
                "multiqc_rclone_checksum_md5.txt:md5,a68bd0275b5b6cb62ec966b68121b0e1",
                "multiqc_rclone_checksum_sha.txt:md5,03a73f087a286ec6580aada2a5db2e7c",
                "multiqc_rclone_exit_codes.txt:md5,2bc7209227358c54fa71dc3adb38d159",
                "multiqc_samplesheet.txt:md5,00788a52d1a014c12ac4ed554b0b44ca",
                "demultiplex_check.combined.txt:md5,3ae32d27ed8a8e14c3b9b954e23c3839",
                "demultiplex_check.exit_code.txt:md5,897316929176464ebc9ad085f31e7284",
                "demultiplex_check.match.txt:md5,902e4715d579b7f43a5463a220df8db0",
                "demultiplex_checksum_MD5.combined.txt:md5,9250a5e20244b4beb397eab1a2003c3a",
                "demultiplex_checksum_MD5.exit_code.txt:md5,b026324c6904b2a9cb4b88d6d61c81d1",
                "demultiplex_checksum_MD5.match.txt:md5,644b95db936b45b931143faefb15be7f",
                "demultiplex_checksum_MD5.missing_on_src.txt:md5,b9f072c9e776951c6759590a8259f765",
                "demultiplex_checksum_SHA256.combined.txt:md5,3ae32d27ed8a8e14c3b9b954e23c3839",
                "demultiplex_checksum_SHA256.exit_code.txt:md5,897316929176464ebc9ad085f31e7284",
                "demultiplex_checksum_SHA256.match.txt:md5,902e4715d579b7f43a5463a220df8db0"
            ]
        ],
        "timestamp": "2026-09-02T18:28:53.331210181",
        "meta": {
            "nf-test": "0.9.5",
            "nextflow": "26.04.1"
        }
    }
}